#define wireworld_chip_height 64
#define wireworld_chip_sprites 8

static __data_chip SprDataT wireworld_chip0_sprdat = {
  .pos = SPRPOS(0, 0),
  .ctl = SPRCTL(0, 0, false, 64),
  .data = {
      { 0xd17a, 0xd005 },
      { 0xffff, 0xffff },
      { 0xd00f, 0xd008 },
      { 0x480e, 0x4015 },
      { 0x4016, 0x402a },
      { 0x4016, 0x4005 },
      { 0xc019, 0x400a },
      { 0x601a, 0x400b },
      { 0xe015, 0x4005 },
      { 0xd38c, 0x4050 },
      { 0xcc42, 0x5204 },
      { 0xc021, 0x4002 },
      { 0x40e1, 0xc0d0 },
      { 0xc333, 0x4329 },
      { 0x4419, 0xc414 },
      { 0x7a0c, 0xf98a },
      { 0xc0c7, 0x4425 },
      { 0x4327, 0xc31d },
      { 0xe49f, 0x6483 },
      { 0xd977, 0x584f },
      { 0xc3fb, 0x4439 },
      { 0x44c2, 0x4b04 },
      { 0xc8fc, 0x44c0 },
      { 0x4932, 0x4132 },
      { 0x68ce, 0x510c },
      { 0x517f, 0x6a82 },
      { 0x623f, 0x5404 },
      { 0xc83d, 0x643a },
      { 0x4051, 0x5050 },
      { 0xcd89, 0x4d88 },
      { 0xd205, 0x5204 },
      { 0xe024, 0x6045 },
      { 0xc812, 0x4003 },
      { 0xc40a, 0x4a03 },
      { 0xc3c4, 0x442b },
      { 0xcc22, 0x5245 },
      { 0x50a6, 0xc819 },
      { 0xc11e, 0x7127 },
      { 0x610c, 0xc019 },
      { 0xc01a, 0x6229 },
      { 0x4032, 0xc451 },
      { 0xc1e6, 0x4223 },
      { 0x4626, 0xc12b },
      { 0x49c6, 0xc5cb },
      { 0x520a, 0xc207 },
      { 0x620e, 0xc205 },
      { 0x420e, 0xc295 },
      { 0x421a, 0xc229 },
      { 0x4237, 0xc212 },
      { 0xc42d, 0x440b },
      { 0x4426, 0xc445 },
      { 0xc44b, 0x4409 },
      { 0x483e, 0xc892 },
      { 0x505c, 0xd01c },
      { 0x4098, 0xc018 },
      { 0x4020, 0xc124 },
      { 0x4124, 0xc220 },
      { 0x4212, 0xc212 },
      { 0x4409, 0xc008 },
      { 0x4804, 0xc804 },
      { 0x5002, 0xc003 },
      { 0x4005, 0xe004 },
      { 0x3405, 0xcbfa },
      { 0xffff, 0xffff },
      /* sprite channel terminator */
      { 0x0000, 0x0000 },
      }
};

static __data_chip SprDataT wireworld_chip1_sprdat = {
  .pos = SPRPOS(0, 0),
  .ctl = SPRCTL(0, 0, true, 64),
  .data = {
      { 0x2fff, 0xffff },
      { 0x7fff, 0xffff },
      { 0x4001, 0xc000 },
      { 0xc003, 0xc000 },
      { 0xc00c, 0xc000 },
      { 0xc00b, 0xc000 },
      { 0xc003, 0xc000 },
      { 0xc005, 0xc000 },
      { 0xc00a, 0xc000 },
      { 0xc001, 0xc000 },
      { 0xc000, 0xc000 },
      { 0xc000, 0xc000 },
      { 0xc100, 0xc000 },
      { 0xc0c0, 0xc000 },
      { 0xea20, 0xc000 },
      { 0xc010, 0xc380 },
      { 0xc008, 0xc4e1 },
      { 0xc308, 0xc0b1 },
      { 0xe48c, 0xdb51 },
      { 0xd87e, 0xe481 },
      { 0xc7f8, 0xc005 },
      { 0xce01, 0xc001 },
      { 0xcc03, 0xc001 },
      { 0xc8cd, 0xc001 },
      { 0xda33, 0xc1c1 },
      { 0xfcdf, 0xc321 },
      { 0xf025, 0xc61b },
      { 0xe039, 0xcc07 },
      { 0xc041, 0xd0a1 },
      { 0xcd95, 0xc201 },
      { 0xd209, 0xec01 },
      { 0xe003, 0xc001 },
      { 0xc005, 0xc801 },
      { 0xc001, 0xce01 },
      { 0xc001, 0xe7e1 },
      { 0xc001, 0xde61 },
      { 0xc00f, 0xd831 },
      { 0xc00f, 0xf031 },
      { 0xc119, 0xe005 },
      { 0xc239, 0xe003 },
      { 0xc471, 0xc009 },
      { 0xc3e1, 0xc011 },
      { 0xc721, 0xc041 },
      { 0xcdc1, 0xc021 },
      { 0xd201, 0xc101 },
      { 0xe203, 0xc001 },
      { 0xc283, 0xc001 },
      { 0xc207, 0xc401 },
      { 0xc20e, 0xc401 },
      { 0xc417, 0xd200 },
      { 0xc40b, 0xc000 },
      { 0xc407, 0xc800 },
      { 0xc82e, 0xc001 },
      { 0xd04c, 0xc002 },
      { 0xc090, 0xe020 },
      { 0xc12c, 0xc010 },
      { 0xc22c, 0xc010 },
      { 0xc012, 0xc020 },
      { 0xc408, 0xc011 },
      { 0xc904, 0xc008 },
      { 0xc002, 0xd005 },
      { 0xc004, 0xe001 },
      { 0xffff, 0xffff },
      { 0xffff, 0xffff },
      /* sprite channel terminator */
      { 0x0000, 0x0000 },
      }
};

static __data_chip SprDataT wireworld_chip2_sprdat = {
  .pos = SPRPOS(0, 0),
  .ctl = SPRCTL(0, 0, false, 64),
  .data = {
      { 0x5d3d, 0xa002 },
      { 0xffff, 0xffff },
      { 0x120a, 0x9408 },
      { 0x2507, 0x2905 },
      { 0x4886, 0x448a },
      { 0x2498, 0x2890 },
      { 0x14b0, 0x9a88 },
      { 0xab08, 0x6134 },
      { 0x7344, 0xaa4a },
      { 0xeba2, 0xd634 },
      { 0xe5f1, 0xc922 },
      { 0xf5b1, 0xb0d8 },
      { 0xaea9, 0xd8a0 },
      { 0x5a69, 0x3562 },
      { 0xf173, 0xaa6c },
      { 0xe0fe, 0xe001 },
      { 0x8000, 0xffff },
      { 0xffff, 0xffff },
      { 0xffff, 0xc000 },
      { 0x7fff, 0x7fff },
      { 0x4000, 0x4000 },
      { 0x7fff, 0x7fff },
      { 0x7fff, 0x7fff },
      { 0x7fff, 0x7fff },
      { 0xffff, 0x7fff },
      { 0xf8ce, 0x7fff },
      { 0xf7b5, 0x3fff },
      { 0xf1cd, 0x1fff },
      { 0xf6b5, 0x3fff },
      { 0xf6b5, 0x7fff },
      { 0x79ce, 0xffff },
      { 0x7fff, 0xffff },
      { 0x7fff, 0xffff },
      { 0x7fff, 0xffff },
      { 0xfa22, 0x3a22 },
      { 0xfeaf, 0x1eaf },
      { 0xfaa2, 0x0aa2 },
      { 0xfaba, 0x1aba },
      { 0xfaa2, 0x3aa2 },
      { 0x7fff, 0x7fff },
      { 0x7fff, 0x7fff },
      { 0x7fff, 0x7fff },
      { 0x7fff, 0x7fff },
      { 0x4000, 0x4000 },
      { 0xffff, 0xffff },
      { 0xffff, 0xc000 },
      { 0xffff, 0xffff },
      { 0xffff, 0xffff },
      { 0x0000, 0xffff },
      { 0x8003, 0x4002 },
      { 0xc001, 0xa000 },
      { 0x2002, 0x4041 },
      { 0x2041, 0x0005 },
      { 0x4041, 0xa041 },
      { 0x8042, 0x4086 },
      { 0x8044, 0x0040 },
      { 0x8044, 0x4000 },
      { 0x4008, 0x800c },
      { 0x4004, 0x0004 },
      { 0x4002, 0x8002 },
      { 0x8301, 0x4081 },
      { 0x04c2, 0x8326 },
      { 0xd2e9, 0x0016 },
      { 0xffff, 0xffff },
      /* sprite channel terminator */
      { 0x0000, 0x0000 },
      }
};

static __data_chip SprDataT wireworld_chip3_sprdat = {
  .pos = SPRPOS(0, 0),
  .ctl = SPRCTL(0, 0, true, 64),
  .data = {
      { 0xffff, 0xffff },
      { 0xffff, 0xffff },
      { 0x900a, 0x0700 },
      { 0x2107, 0x0c80 },
      { 0x408e, 0x2d01 },
      { 0x2088, 0x5c00 },
      { 0x9298, 0x2c00 },
      { 0xe35c, 0x1880 },
      { 0xe30e, 0x1800 },
      { 0x62d7, 0x1c00 },
      { 0x6153, 0x0e00 },
      { 0x70e9, 0x0c00 },
      { 0x7899, 0x0400 },
      { 0xf04b, 0x0c00 },
      { 0x603e, 0x1800 },
      { 0x1fff, 0xffff },
      { 0x7fff, 0xffff },
      { 0x7fff, 0xffff },
      { 0x7fff, 0xffff },
      { 0xffff, 0xffff },
      { 0xffff, 0xffff },
      { 0xffff, 0xffff },
      { 0xc000, 0xffff },
      { 0xffff, 0xffff },
      { 0xffff, 0xffff },
      { 0xffff, 0xffff },
      { 0xffff, 0xffff },
      { 0xffff, 0xffff },
      { 0xffff, 0xffff },
      { 0xffff, 0xffff },
      { 0xffff, 0xffff },
      { 0xffff, 0xffff },
      { 0xffff, 0xffff },
      { 0xffff, 0xffff },
      { 0xffff, 0xffff },
      { 0xffff, 0xffff },
      { 0xffff, 0xffff },
      { 0xffff, 0xffff },
      { 0xffff, 0xffff },
      { 0xffff, 0xffff },
      { 0xffff, 0xffff },
      { 0xc000, 0xffff },
      { 0xffff, 0xffff },
      { 0xffff, 0xffff },
      { 0x7fff, 0xffff },
      { 0x7fff, 0xffff },
      { 0x7fff, 0xffff },
      { 0x0000, 0xffff },
      { 0xffff, 0xffff },
      { 0x0002, 0xc000 },
      { 0x8000, 0x6002 },
      { 0x0000, 0xe000 },
      { 0x0000, 0x2000 },
      { 0x0002, 0xe000 },
      { 0x00c5, 0xc000 },
      { 0x0046, 0x8000 },
      { 0x0006, 0xc050 },
      { 0x000d, 0xc010 },
      { 0x0404, 0x4008 },
      { 0x0002, 0xc004 },
      { 0x0001, 0xc382 },
      { 0x0002, 0x87e5 },
      { 0xffff, 0xffff },
      { 0xffff, 0xffff },
      /* sprite channel terminator */
      { 0x0000, 0x0000 },
      }
};

static __data_chip SprDataT wireworld_chip4_sprdat = {
  .pos = SPRPOS(0, 0),
  .ctl = SPRCTL(0, 0, false, 64),
  .data = {
      { 0x4000, 0xbfff },
      { 0xffff, 0xffff },
      { 0x3480, 0x0b04 },
      { 0x0840, 0x1080 },
      { 0x8021, 0x8141 },
      { 0x4091, 0x5061 },
      { 0x804a, 0x8032 },
      { 0x8039, 0x8001 },
      { 0x4258, 0x4244 },
      { 0x21ae, 0x21a0 },
      { 0x1025, 0x1022 },
      { 0x8815, 0xc811 },
      { 0xd00d, 0x5009 },
      { 0xe00f, 0x600a },
      { 0xc00f, 0xc016 },
      { 0x0f03, 0xff00 },
      { 0x0000, 0xffff },
      { 0xffff, 0xffff },
      { 0xffff, 0x0003 },
      { 0xffff, 0xffff },
      { 0x0003, 0x0003 },
      { 0xfffe, 0xfffe },
      { 0xfffe, 0xfffe },
      { 0xfffe, 0xfffe },
      { 0xfffe, 0xfffe },
      { 0x739e, 0xfffe },
      { 0xad6f, 0xfffc },
      { 0xad6f, 0xfff8 },
      { 0xad6f, 0xfffc },
      { 0xad6f, 0xfffe },
      { 0x739f, 0xfffe },
      { 0xffff, 0xfffe },
      { 0xffff, 0xfffe },
      { 0xfffe, 0xffff },
      { 0x989c, 0x989f },
      { 0xab98, 0xab9f },
      { 0xa990, 0xa99f },
      { 0xabf8, 0xabff },
      { 0x989c, 0x989f },
      { 0xfffe, 0xffff },
      { 0xffff, 0xffff },
      { 0xffff, 0xffff },
      { 0xffff, 0xffff },
      { 0x0003, 0x0003 },
      { 0xffff, 0xffff },
      { 0xffff, 0x0003 },
      { 0xffff, 0xffff },
      { 0xffff, 0xffff },
      { 0x0000, 0xffff },
      { 0x009b, 0x004d },
      { 0x0175, 0x0099 },
      { 0x022b, 0x1132 },
      { 0x0247, 0x104a },
      { 0x222d, 0x0124 },
      { 0x4117, 0x209b },
      { 0x6092, 0x4054 },
      { 0x604c, 0x4088 },
      { 0x604c, 0xa088 },
      { 0x608c, 0x2144 },
      { 0x010a, 0x3092 },
      { 0x2911, 0x4009 },
      { 0x4910, 0x28a0 },
      { 0x7a2d, 0x802d },
      { 0xffff, 0xffff },
      /* sprite channel terminator */
      { 0x0000, 0x0000 },
      }
};

static __data_chip SprDataT wireworld_chip5_sprdat = {
  .pos = SPRPOS(0, 0),
  .ctl = SPRCTL(0, 0, true, 64),
  .data = {
      { 0xffff, 0xffff },
      { 0xffff, 0xffff },
      { 0x0000, 0x3f84 },
      { 0x0000, 0x18c0 },
      { 0x8001, 0x0060 },
      { 0x4001, 0x9032 },
      { 0x8802, 0x4019 },
      { 0x8401, 0x400a },
      { 0x4100, 0x8011 },
      { 0x2240, 0x4008 },
      { 0x9010, 0x2804 },
      { 0x0829, 0x1404 },
      { 0x1011, 0x0a04 },
      { 0x2002, 0x1004 },
      { 0x4002, 0x2018 },
      { 0xf0ff, 0xffff },
      { 0xffff, 0xffff },
      { 0xfffe, 0xffff },
      { 0xfffe, 0xffff },
      { 0xfffe, 0xffff },
      { 0xfffe, 0xffff },
      { 0xffff, 0xffff },
      { 0x0003, 0xffff },
      { 0xffff, 0xffff },
      { 0xffff, 0xffff },
      { 0xffff, 0xffff },
      { 0xffff, 0xffff },
      { 0xffff, 0xffff },
      { 0xffff, 0xffff },
      { 0xffff, 0xffff },
      { 0xffff, 0xffff },
      { 0xffff, 0xffff },
      { 0xffff, 0xffff },
      { 0xffff, 0xffff },
      { 0xffff, 0xffff },
      { 0xffff, 0xffff },
      { 0xffff, 0xffff },
      { 0xffff, 0xffff },
      { 0xffff, 0xffff },
      { 0xffff, 0xffff },
      { 0xfffe, 0xffff },
      { 0x0002, 0xffff },
      { 0xfffe, 0xffff },
      { 0xfffe, 0xffff },
      { 0xfffe, 0xffff },
      { 0xfffe, 0xffff },
      { 0xfffe, 0xffff },
      { 0x0000, 0xffff },
      { 0xffff, 0xffff },
      { 0x000e, 0x00d0 },
      { 0x001e, 0x01e0 },
      { 0x003c, 0x0340 },
      { 0x004c, 0x0220 },
      { 0x002a, 0x0340 },
      { 0x001c, 0x01a0 },
      { 0x0017, 0x00c8 },
      { 0x000c, 0x00d0 },
      { 0xd00c, 0x00c0 },
      { 0x500c, 0x01c0 },
      { 0x381a, 0x0184 },
      { 0x6019, 0x0102 },
      { 0x6030, 0x0181 },
      { 0xffd2, 0xffff },
      { 0xffff, 0xffff },
      /* sprite channel terminator */
      { 0x0000, 0x0000 },
      }
};

static __data_chip SprDataT wireworld_chip6_sprdat = {
  .pos = SPRPOS(0, 0),
  .ctl = SPRCTL(0, 0, false, 64),
  .data = {
      { 0x0abf, 0xf541 },
      { 0xfffd, 0xfffd },
      { 0x6a01, 0x4a01 },
      { 0xa401, 0xc441 },
      { 0x2001, 0x4009 },
      { 0x4003, 0xa001 },
      { 0x4005, 0x8005 },
      { 0x400b, 0x8209 },
      { 0xd011, 0xb403 },
      { 0x7021, 0x4803 },
      { 0x8803, 0xb001 },
      { 0x9107, 0x0801 },
      { 0xa209, 0x1001 },
      { 0x4001, 0xa001 },
      { 0x9823, 0x4001 },
      { 0xe441, 0x1a41 },
      { 0x0283, 0xc081 },
      { 0x0101, 0x8a01 },
      { 0x0283, 0x8441 },
      { 0x0445, 0x8021 },
      { 0x083b, 0x8945 },
      { 0x1021, 0x9011 },
      { 0x2011, 0x8009 },
      { 0x404b, 0x8003 },
      { 0x0083, 0x8003 },
      { 0x0101, 0x8101 },
      { 0x0001, 0x8001 },
      { 0x0003, 0x8001 },
      { 0x0c13, 0x8c01 },
      { 0x1223, 0x9221 },
      { 0x1143, 0x9101 },
      { 0x20c3, 0xa0c1 },
      { 0x7821, 0x8421 },
      { 0x3417, 0xfa15 },
      { 0x4a09, 0xc909 },
      { 0x4d0f, 0xacd1 },
      { 0x66fd, 0x920d },
      { 0x3513, 0xc153 },
      { 0x3aa5, 0x80a5 },
      { 0x1941, 0xa041 },
      { 0x048b, 0x9809 },
      { 0x0445, 0xac21 },
      { 0x0823, 0x9441 },
      { 0x1043, 0x8881 },
      { 0x1087, 0x8041 },
      { 0x0881, 0xa843 },
      { 0x0843, 0xc821 },
      { 0x0421, 0xc017 },
      { 0x0015, 0x840b },
      { 0x820b, 0x4001 },
      { 0x8101, 0x4003 },
      { 0x0003, 0x8001 },
      { 0x0603, 0x0841 },
      { 0x7903, 0x8681 },
      { 0x8083, 0x4001 },
      { 0x8045, 0x8081 },
      { 0x4043, 0x4081 },
      { 0x4081, 0x4041 },
      { 0x2081, 0x2001 },
      { 0x2081, 0x2001 },
      { 0x2083, 0x2003 },
      { 0x9083, 0x9103 },
      { 0x45d1, 0x4001 },
      { 0xffff, 0xffff },
      /* sprite channel terminator */
      { 0x0000, 0x0000 },
      }
};

static __data_chip SprDataT wireworld_chip7_sprdat = {
  .pos = SPRPOS(0, 0),
  .ctl = SPRCTL(0, 0, true, 64),
  .data = {
      { 0xffff, 0xffff },
      { 0xffff, 0xffff },
      { 0x6a03, 0x9107 },
      { 0xe403, 0x0a43 },
      { 0x600b, 0x8403 },
      { 0xe003, 0x0003 },
      { 0xc003, 0x0003 },
      { 0xc203, 0x0003 },
      { 0xf403, 0x1003 },
      { 0x7803, 0x8003 },
      { 0xb803, 0x0003 },
      { 0x1803, 0x0007 },
      { 0x3003, 0x024b },
      { 0x6003, 0x0083 },
      { 0xc003, 0x1863 },
      { 0x0043, 0xfe03 },
      { 0x8083, 0xc203 },
      { 0x8903, 0x8203 },
      { 0x8603, 0x80c3 },
      { 0x8403, 0x8067 },
      { 0x8103, 0x807f },
      { 0x8003, 0x8033 },
      { 0x8003, 0x801b },
      { 0x8001, 0x8043 },
      { 0x8081, 0x8003 },
      { 0x8003, 0x8003 },
      { 0x8003, 0x8003 },
      { 0x8403, 0x8003 },
      { 0x8213, 0x8003 },
      { 0x8d03, 0x8003 },
      { 0xa083, 0x8003 },
      { 0xc103, 0x8003 },
      { 0xfc43, 0x8003 },
      { 0xfe2b, 0x8003 },
      { 0xcb13, 0xb403 },
      { 0x85df, 0x8203 },
      { 0x86ff, 0xc103 },
      { 0x8151, 0xe4af },
      { 0x80a3, 0xaa53 },
      { 0x8043, 0xb123 },
      { 0x800b, 0x9083 },
      { 0xa803, 0x8067 },
      { 0x9e03, 0x8063 },
      { 0x9803, 0x80c3 },
      { 0x9003, 0x80c7 },
      { 0xa803, 0x80c3 },
      { 0xc803, 0x8063 },
      { 0xc003, 0x9437 },
      { 0x0003, 0x041f },
      { 0x0003, 0x020b },
      { 0x0003, 0x0003 },
      { 0x0003, 0x0003 },
      { 0x0003, 0x0003 },
      { 0x0003, 0x0003 },
      { 0x0003, 0x0003 },
      { 0x4003, 0x0007 },
      { 0x8003, 0x0003 },
      { 0x2803, 0x0003 },
      { 0x4003, 0x0003 },
      { 0x0003, 0x0003 },
      { 0x1001, 0x0003 },
      { 0xa001, 0x0003 },
      { 0xbfff, 0xffff },
      { 0xffff, 0xffff },
      /* sprite channel terminator */
      { 0x0000, 0x0000 },
      }
};

static __data SpriteT wireworld_chip[8] = {
  {
    .sprdat = &wireworld_chip0_sprdat,
    .height = 64,
    .attached = false,
  },
  {
    .sprdat = &wireworld_chip1_sprdat,
    .height = 64,
    .attached = true,
  },
  {
    .sprdat = &wireworld_chip2_sprdat,
    .height = 64,
    .attached = false,
  },
  {
    .sprdat = &wireworld_chip3_sprdat,
    .height = 64,
    .attached = true,
  },
  {
    .sprdat = &wireworld_chip4_sprdat,
    .height = 64,
    .attached = false,
  },
  {
    .sprdat = &wireworld_chip5_sprdat,
    .height = 64,
    .attached = true,
  },
  {
    .sprdat = &wireworld_chip6_sprdat,
    .height = 64,
    .attached = false,
  },
  {
    .sprdat = &wireworld_chip7_sprdat,
    .height = 64,
    .attached = true,
  },
  
};
