#define grass_height 32
#define grass_sprites 8

static __data_chip SprDataT grass0_sprdat = {
  .pos = SPRPOS(0, 0),
  .ctl = SPRCTL(0, 0, false, 32),
  .data = {
      { 0x0000, 0x0000 },
      { 0x0000, 0x0000 },
      { 0x0000, 0x0000 },
      { 0x0000, 0x0000 },
      { 0x0000, 0x0000 },
      { 0x0000, 0x0000 },
      { 0x0000, 0x0000 },
      { 0x0000, 0x0000 },
      { 0x0000, 0x0000 },
      { 0x0000, 0x0000 },
      { 0x0000, 0x0000 },
      { 0x0000, 0x0000 },
      { 0x0000, 0x0000 },
      { 0x0000, 0x0000 },
      { 0x0000, 0x0000 },
      { 0x0800, 0x0800 },
      { 0x1000, 0x1000 },
      { 0x1400, 0x1400 },
      { 0x1400, 0x1400 },
      { 0x0000, 0x0000 },
      { 0x0000, 0x0000 },
      { 0x0000, 0x0000 },
      { 0x0000, 0x0000 },
      { 0x0000, 0x0000 },
      { 0x0000, 0x0000 },
      { 0x0000, 0x0000 },
      { 0x0000, 0x0000 },
      { 0x0000, 0x0000 },
      { 0x0000, 0x0000 },
      { 0x0000, 0x0000 },
      { 0x0000, 0x0000 },
      { 0x0000, 0x0000 },
      /* sprite channel terminator */
      { 0x0000, 0x0000 },
      }
};

static __data_chip SprDataT grass1_sprdat = {
  .pos = SPRPOS(0, 0),
  .ctl = SPRCTL(0, 0, false, 32),
  .data = {
      { 0x0000, 0x0000 },
      { 0x0000, 0x0000 },
      { 0x0000, 0x0000 },
      { 0x0000, 0x0000 },
      { 0x0000, 0x0000 },
      { 0x0000, 0x0000 },
      { 0x1000, 0x1000 },
      { 0x2000, 0x2000 },
      { 0x2000, 0x2000 },
      { 0x2800, 0x2800 },
      { 0x2800, 0x2800 },
      { 0x2800, 0x2800 },
      { 0x0000, 0x0000 },
      { 0x0000, 0x0000 },
      { 0x0000, 0x0000 },
      { 0x0000, 0x0002 },
      { 0x0000, 0x0004 },
      { 0x0000, 0x0004 },
      { 0x0000, 0x0015 },
      { 0x0000, 0x0015 },
      { 0x0000, 0x0000 },
      { 0x0000, 0x0000 },
      { 0x0000, 0x0000 },
      { 0x8000, 0x8000 },
      { 0x4000, 0x4000 },
      { 0x4000, 0x4000 },
      { 0x5000, 0x5000 },
      { 0x0000, 0x0000 },
      { 0x0000, 0x0000 },
      { 0x0000, 0x0000 },
      { 0x0000, 0x0000 },
      { 0x0000, 0x0000 },
      /* sprite channel terminator */
      { 0x0000, 0x0000 },
      }
};

static __data_chip SprDataT grass2_sprdat = {
  .pos = SPRPOS(0, 0),
  .ctl = SPRCTL(0, 0, false, 32),
  .data = {
      { 0x0000, 0x0000 },
      { 0x0000, 0x0000 },
      { 0x0000, 0x0400 },
      { 0x0000, 0x0200 },
      { 0x0000, 0x0200 },
      { 0x0000, 0x0280 },
      { 0x0000, 0x0000 },
      { 0x0000, 0x0000 },
      { 0x0000, 0x0000 },
      { 0x0000, 0x0000 },
      { 0x0000, 0x0000 },
      { 0x0000, 0x0000 },
      { 0x0000, 0x0000 },
      { 0x0000, 0x0000 },
      { 0x0000, 0x0000 },
      { 0x0000, 0x0000 },
      { 0x0000, 0x0000 },
      { 0x0020, 0x0000 },
      { 0x0010, 0x0000 },
      { 0x0010, 0x0000 },
      { 0x0014, 0x0000 },
      { 0x0014, 0x0000 },
      { 0x0054, 0x0000 },
      { 0x0000, 0x0000 },
      { 0x0000, 0x0000 },
      { 0x0000, 0x0000 },
      { 0x0000, 0x1000 },
      { 0x0000, 0x2000 },
      { 0x0000, 0x2000 },
      { 0x0000, 0x2800 },
      { 0x0000, 0x2800 },
      { 0x0000, 0x0000 },
      /* sprite channel terminator */
      { 0x0000, 0x0000 },
      }
};

static __data_chip SprDataT grass3_sprdat = {
  .pos = SPRPOS(0, 0),
  .ctl = SPRCTL(0, 0, false, 32),
  .data = {
      { 0x0000, 0x0000 },
      { 0x0000, 0x0000 },
      { 0x0000, 0x0000 },
      { 0x0000, 0x0000 },
      { 0x0000, 0x0000 },
      { 0x0000, 0x0000 },
      { 0x0000, 0x0000 },
      { 0x2000, 0x0000 },
      { 0x1000, 0x0000 },
      { 0x1000, 0x0000 },
      { 0x1400, 0x0000 },
      { 0x1400, 0x0000 },
      { 0x0000, 0x0000 },
      { 0x0000, 0x0000 },
      { 0x0000, 0x0000 },
      { 0x0000, 0x0000 },
      { 0x0000, 0x0000 },
      { 0x0000, 0x0000 },
      { 0x0040, 0x0000 },
      { 0x0020, 0x0000 },
      { 0x0020, 0x0000 },
      { 0x00a0, 0x0000 },
      { 0x0000, 0x0000 },
      { 0x0000, 0x0000 },
      { 0x0000, 0x0000 },
      { 0x0000, 0x0000 },
      { 0x0800, 0x0000 },
      { 0x1000, 0x0000 },
      { 0x1100, 0x0000 },
      { 0x1500, 0x0000 },
      { 0x0000, 0x0000 },
      { 0x0000, 0x0000 },
      /* sprite channel terminator */
      { 0x0000, 0x0000 },
      }
};

static __data_chip SprDataT grass4_sprdat = {
  .pos = SPRPOS(0, 0),
  .ctl = SPRCTL(0, 0, false, 32),
  .data = {
      { 0x0000, 0x0000 },
      { 0x0000, 0x0001 },
      { 0x0000, 0x0000 },
      { 0x0000, 0x0000 },
      { 0x0000, 0x0000 },
      { 0x0000, 0x0000 },
      { 0x0000, 0x0000 },
      { 0x0000, 0x0000 },
      { 0x0000, 0x0000 },
      { 0x0100, 0x0000 },
      { 0x0200, 0x0000 },
      { 0x0200, 0x0000 },
      { 0x0200, 0x0000 },
      { 0x0000, 0x0000 },
      { 0x0000, 0x0000 },
      { 0x0001, 0x0000 },
      { 0x0002, 0x0000 },
      { 0x0002, 0x0000 },
      { 0x000a, 0x0000 },
      { 0x000a, 0x0000 },
      { 0x0000, 0x0000 },
      { 0x0000, 0x0000 },
      { 0x0000, 0x0000 },
      { 0x0000, 0x0000 },
      { 0x0000, 0x0000 },
      { 0x0200, 0x0000 },
      { 0x0400, 0x0000 },
      { 0x0400, 0x0000 },
      { 0x0500, 0x0000 },
      { 0x0500, 0x0000 },
      { 0x0000, 0x0000 },
      { 0x0000, 0x0000 },
      /* sprite channel terminator */
      { 0x0000, 0x0000 },
      }
};

static __data_chip SprDataT grass5_sprdat = {
  .pos = SPRPOS(0, 0),
  .ctl = SPRCTL(0, 0, false, 32),
  .data = {
      { 0x0000, 0x0000 },
      { 0x0000, 0x0000 },
      { 0x0000, 0x9000 },
      { 0x0000, 0xa000 },
      { 0x0000, 0xa000 },
      { 0x0000, 0xa000 },
      { 0x0000, 0x0000 },
      { 0x0000, 0x0000 },
      { 0x0000, 0x0000 },
      { 0x0000, 0x0000 },
      { 0x0000, 0x0000 },
      { 0x0000, 0x0020 },
      { 0x0000, 0x0040 },
      { 0x0000, 0x0040 },
      { 0x0000, 0x0040 },
      { 0x0000, 0x0000 },
      { 0x0000, 0x0000 },
      { 0x0000, 0x0000 },
      { 0x0000, 0x0000 },
      { 0x0000, 0x0000 },
      { 0x0000, 0x0000 },
      { 0x0000, 0x0000 },
      { 0x0000, 0x0000 },
      { 0x0000, 0x0000 },
      { 0x0000, 0x0800 },
      { 0x0000, 0x0400 },
      { 0x0000, 0x0400 },
      { 0x0000, 0x0500 },
      { 0x0000, 0x0500 },
      { 0x0000, 0x0000 },
      { 0x0000, 0x0000 },
      { 0x0000, 0x0000 },
      /* sprite channel terminator */
      { 0x0000, 0x0000 },
      }
};

static __data_chip SprDataT grass6_sprdat = {
  .pos = SPRPOS(0, 0),
  .ctl = SPRCTL(0, 0, false, 32),
  .data = {
      { 0x0000, 0x0000 },
      { 0x0000, 0x0000 },
      { 0x0000, 0x0000 },
      { 0x0000, 0x0000 },
      { 0x0000, 0x0000 },
      { 0x0000, 0x0000 },
      { 0x0020, 0x0020 },
      { 0x0010, 0x0010 },
      { 0x0010, 0x0010 },
      { 0x0014, 0x0014 },
      { 0x0015, 0x0015 },
      { 0x0000, 0x0000 },
      { 0x0000, 0x0000 },
      { 0x0000, 0x0000 },
      { 0x0000, 0x0000 },
      { 0x0000, 0x0400 },
      { 0x0000, 0x0800 },
      { 0x0000, 0x0800 },
      { 0x0000, 0x0a00 },
      { 0x0000, 0x0a00 },
      { 0x0000, 0x0000 },
      { 0x0000, 0x0000 },
      { 0x0000, 0x0000 },
      { 0x0000, 0x0000 },
      { 0x0002, 0x0002 },
      { 0x0004, 0x0004 },
      { 0x0004, 0x0004 },
      { 0x0005, 0x0005 },
      { 0x0005, 0x0005 },
      { 0x0000, 0x0000 },
      { 0x0000, 0x0000 },
      { 0x0000, 0x0000 },
      /* sprite channel terminator */
      { 0x0000, 0x0000 },
      }
};

static __data_chip SprDataT grass7_sprdat = {
  .pos = SPRPOS(0, 0),
  .ctl = SPRCTL(0, 0, false, 32),
  .data = {
      { 0x0000, 0x0000 },
      { 0x0000, 0x0000 },
      { 0x0000, 0x0000 },
      { 0x0000, 0x0000 },
      { 0x0000, 0x0000 },
      { 0x0000, 0x0000 },
      { 0x0000, 0x0000 },
      { 0x0000, 0x0000 },
      { 0x0000, 0x0000 },
      { 0x0000, 0x0000 },
      { 0x0000, 0x0000 },
      { 0x0000, 0x0000 },
      { 0x0000, 0x0000 },
      { 0x0000, 0x0000 },
      { 0x0000, 0x0000 },
      { 0x0010, 0x0010 },
      { 0x0008, 0x0008 },
      { 0x0008, 0x0008 },
      { 0x0028, 0x0028 },
      { 0x0028, 0x0028 },
      { 0x0000, 0x0000 },
      { 0x0000, 0x0000 },
      { 0x0000, 0x0000 },
      { 0x0000, 0x0000 },
      { 0x0000, 0x0000 },
      { 0x0000, 0x0000 },
      { 0x0000, 0x0000 },
      { 0x0000, 0x0000 },
      { 0x0000, 0x0000 },
      { 0x0000, 0x0000 },
      { 0x0000, 0x0000 },
      { 0x0000, 0x0000 },
      /* sprite channel terminator */
      { 0x0000, 0x0000 },
      }
};

static __data SpriteT grass[8] = {
  {
    .sprdat = &grass0_sprdat,
    .height = 32,
    .attached = false,
  },
  {
    .sprdat = &grass1_sprdat,
    .height = 32,
    .attached = false,
  },
  {
    .sprdat = &grass2_sprdat,
    .height = 32,
    .attached = false,
  },
  {
    .sprdat = &grass3_sprdat,
    .height = 32,
    .attached = false,
  },
  {
    .sprdat = &grass4_sprdat,
    .height = 32,
    .attached = false,
  },
  {
    .sprdat = &grass5_sprdat,
    .height = 32,
    .attached = false,
  },
  {
    .sprdat = &grass6_sprdat,
    .height = 32,
    .attached = false,
  },
  {
    .sprdat = &grass7_sprdat,
    .height = 32,
    .attached = false,
  },
  
};
