#define tree_pal_electric_count 32

static const __data PaletteT tree_pal_electric = {
  .count = 32,
  .colors = {
    0x123,
    0x068,
    0x06a,
    0x06a,
    0x9df,
    0x9df,
    0x0af,
    0x0af,
    0x000,
    0x000,
    0x000,
    0x000,
    0x000,
    0x000,
    0x000,
    0x000,
    0x000,
    0x8cf,
    0x37c,
    0x047,
    0x000,
    0x8cf,
    0x37c,
    0x047,
    0x000,
    0x8cf,
    0x37c,
    0x047,
    0x000,
    0x8cf,
    0x37c,
    0x047,
    }
};