static __data_chip u_short _turmite_credits_1_bpl[] = {
	0x0000,0x0000,0x0000,0x0000,0x0000,0x0000,0x0000,0x0008,0x0000,0x0000,0x0000,0x0000,0x0000,0x0000,0x0000,0x0000,
    0x0000,0x0000,0x0000,0x0000,0x0000,0x0000,0x0000,0x0008,0x0000,0x0000,0x0000,0x0000,0x0000,0x0000,0x0000,0x0000,
    0x0000,0x0000,0x0000,0x0000,0x0000,0x0000,0x0000,0x0008,0x0000,0x0000,0x0000,0x0000,0x0000,0x0000,0x0000,0x0000,
    0x0000,0x0000,0x0000,0x0000,0x0000,0x0000,0x0000,0x007f,0x0000,0x0000,0x0000,0x0000,0x0000,0x0000,0x0000,0x0000,
    0x0000,0x0000,0x0000,0x0000,0x0000,0x0000,0x0000,0x0008,0x0000,0x0000,0x0000,0x0000,0x0000,0x0000,0x0000,0x0000,
    0x0000,0x0000,0x0000,0x0000,0x0000,0x0000,0x0000,0x0008,0x0000,0x0000,0x0000,0x0000,0x0000,0x0000,0x0000,0x0000,
    0x0000,0x0000,0x0000,0x0000,0x0000,0x0000,0x0000,0x0008,0x0000,0x0000,0x0000,0x0000,0x0000,0x0000,0x0000,0x0000,
    0x0000,0x0000,0x0000,0x0000,0x0000,0x0000,0x0000,0x0000,0x0000,0x0000,0x0000,0x0000,0x0000,0x0000,0x0000,0x0000,
    0x0000,0x0000,0x0000,0x0000,0x0000,0x0000,0x0000,0x0000,0x0000,0x0000,0x0000,0x0000,0x0000,0x0000,0x0000,0x0000,
    0x0000,0x0000,0x0000,0x0000,0x0000,0x0000,0x0000,0x0000,0x0000,0x0000,0x0000,0x0000,0x0000,0x0000,0x0000,0x0000,
    0x0000,0x0000,0x0000,0x0000,0x0000,0x0000,0x0000,0x0000,0x0000,0x0000,0x0000,0x0000,0x0000,0x0000,0x0000,0x0000,
    0x0000,0x0000,0x0000,0x0000,0x0000,0x0000,0x0000,0x0000,0x0000,0x0000,0x0000,0x0000,0x0000,0x0000,0x0000,0x0000,
    0x0000,0x0000,0x0000,0x0000,0x0000,0x0000,0x0000,0x0000,0x0000,0x0000,0x0000,0x0000,0x0000,0x0000,0x0000,0x0000,
    0x0000,0x0000,0x0000,0x0000,0x0000,0x0000,0x0000,0x0000,0x0000,0x0000,0x0000,0x0000,0x0000,0x0000,0x0000,0x0000,
    0x0000,0x0000,0x0000,0x0000,0x0000,0x0000,0x0000,0x0000,0x0000,0x0000,0x0000,0x0000,0x0000,0x0000,0x0000,0x0000,
    0x0000,0x0000,0x0000,0x0000,0x0000,0x0000,0x0000,0x0000,0x0000,0x0000,0x0000,0x0000,0x0000,0x0000,0x0000,0x0000,
    0x0000,0x0000,0x0000,0x0000,0x0000,0x0000,0x0000,0x0000,0x0000,0x0000,0x0000,0x0000,0x0000,0x0000,0x0000,0x0000,
    0x0000,0x0000,0x0000,0x0000,0x0000,0x0000,0x0000,0x0000,0x0000,0x0000,0x0000,0x0000,0x0000,0x0000,0x0000,0x0000,
    0x0000,0x0000,0x0000,0x0000,0x0000,0x0000,0x0000,0x0000,0x0000,0x0000,0x0000,0x0000,0x0000,0x0000,0x0000,0x0000,
    0x0000,0x0000,0x0000,0x0000,0x0000,0x0000,0x0000,0x0000,0x0000,0x0000,0x0000,0x0000,0x0000,0x0000,0x0000,0x0000,
    0x0000,0x0000,0x0000,0x0000,0x0000,0x0000,0x0000,0x0000,0x0000,0x0000,0x0000,0x0000,0x0000,0x0000,0x0000,0x0000,
    0x0000,0x0000,0x0000,0x0000,0x0000,0x0000,0x0000,0x0000,0x0000,0x0000,0x0000,0x0000,0x0000,0x0000,0x0000,0x0000,
    0x0000,0x0000,0x0000,0x0000,0x0000,0x0000,0x0000,0x0000,0x0000,0x0000,0x0000,0x0000,0x0000,0x0000,0x0000,0x0000,
    0x0000,0x0000,0x0000,0x0000,0x0000,0x0000,0x0000,0x0000,0x0000,0x0000,0x0000,0x0000,0x0000,0x0000,0x0000,0x0000,
    0x0000,0x0000,0x0000,0x0000,0x0000,0x0000,0x0000,0x0000,0x0000,0x0000,0x0000,0x0000,0x0000,0x0000,0x0000,0x0000,
    0x0000,0x0000,0x0000,0x0000,0x0000,0x0000,0x0000,0x0000,0x0000,0x0000,0x0000,0x0000,0x0000,0x0000,0x0000,0x0000,
    0x0000,0x0000,0x0000,0x0000,0x0000,0x0000,0x0000,0x0000,0x0000,0x0000,0x0000,0x0000,0x0000,0x0000,0x0000,0x0000,
    0x0000,0x0000,0x0000,0x0000,0x0000,0x0000,0x0000,0x0000,0x0000,0x0000,0x0000,0x0000,0x0000,0x0000,0x0000,0x0000,
    0x0000,0x0000,0x0000,0x0000,0x0000,0x0000,0x0000,0x0000,0x0000,0x0000,0x0000,0x0000,0x0000,0x0000,0x0000,0x0000,
    0x0000,0x0000,0x0000,0x0000,0x0000,0x0000,0x0000,0x0000,0x0000,0x0000,0x0000,0x0000,0x0000,0x0000,0x0000,0x0000,
    0x0000,0x0000,0x0000,0x0000,0x0000,0x0000,0x0000,0x0000,0x0000,0x0000,0x0000,0x0000,0x0000,0x0000,0x0000,0x0000,
    0x0000,0x0000,0x0000,0x0000,0x0000,0x0000,0x0000,0x0000,0x0000,0x0000,0x0000,0x0000,0x0000,0x0000,0x0000,0x0000,
    0x0000,0x0000,0x0000,0x0000,0x0000,0x0000,0x0000,0x0000,0x0000,0x0000,0x0000,0x0000,0x0000,0x0000,0x0000,0x0000,
    0x0000,0x0000,0x0000,0x0000,0x0000,0x0000,0x0000,0x0000,0x0000,0x0000,0x0000,0x0000,0x0000,0x0000,0x0000,0x0000,
    0x0000,0x0000,0x0000,0x0000,0x0000,0x0000,0x0000,0x0000,0x0000,0x0000,0x0000,0x0000,0x0000,0x0000,0x0000,0x0000,
    0x0000,0x0000,0x0000,0x0000,0x0000,0x0000,0x0000,0x0000,0x0000,0x0000,0x0000,0x0000,0x0000,0x0000,0x0000,0x0000,
    0x0000,0x0000,0x0000,0x0000,0x0000,0x0000,0x0000,0x0000,0x0000,0x0000,0x0000,0x0000,0x0000,0x0000,0x0000,0x0000,
    0x0000,0x0000,0x0000,0x0000,0x0000,0x0000,0x0000,0x0000,0x0000,0x0000,0x0000,0x0000,0x0000,0x0000,0x0000,0x0000,
    0x0000,0x0000,0x0000,0x0000,0x0000,0x0000,0x0000,0x0000,0x0000,0x0000,0x0000,0x0000,0x0000,0x0000,0x0000,0x0000,
    0x0000,0x0000,0x0000,0x0000,0x0000,0x0000,0x0000,0x0000,0x0000,0x0000,0x0000,0x0000,0x0000,0x0000,0x0000,0x0000,
    0x0000,0x0000,0x0000,0x0000,0x0000,0x0000,0x0000,0x0000,0x0000,0x0000,0x0000,0x0000,0x0000,0x0000,0x0000,0x0000,
    0x0000,0x0000,0xffff,0xffff,0xffff,0xffff,0xffff,0xffff,0xffff,0xffff,0xffff,0xffff,0xffff,0xffff,0x0000,0x0000,
    0x0000,0x0000,0xffff,0xffff,0xffff,0xffff,0xffff,0xffff,0xffff,0xffff,0xffff,0xffff,0xffff,0xffff,0x0000,0x0000,
    0x0000,0x0000,0x7fff,0xffff,0xffff,0xffff,0xffff,0xffff,0xffff,0xffff,0xffff,0xffff,0xffff,0xfffe,0x0000,0x0000,
    0x0000,0x0000,0x3c00,0x0000,0x0000,0x0000,0x0000,0x0000,0x0000,0x0000,0x0000,0x0000,0x0000,0x003c,0x0000,0x0000,
    0x0000,0x0000,0x1e00,0x0000,0x0000,0x0000,0x0000,0x0000,0x0000,0x0000,0x0000,0x0000,0x0000,0x0078,0x0000,0x0000,
    0x0000,0x0000,0x0f00,0x0000,0x0000,0x0000,0x0000,0x0000,0x0000,0x0000,0x0000,0x0000,0x0000,0x00f0,0x0000,0x0000,
    0x0000,0x0000,0x0780,0x0000,0x0000,0x0000,0x0000,0x0000,0x0000,0x0000,0x0000,0x0000,0x0000,0x01e0,0x0000,0x0000,
    0x0000,0x0000,0x03c0,0x0000,0x0000,0x0000,0x0000,0x0000,0x0000,0x0000,0x0000,0x0000,0x0000,0x03c0,0x0000,0x0000,
    0x0000,0x0000,0x01e0,0x0000,0x0000,0x0000,0x0000,0x0000,0x0000,0x0000,0x0000,0x0000,0x0000,0x0780,0x0000,0x0000,
    0x0000,0x0000,0x00f0,0x0000,0x0000,0x0000,0x0000,0x0000,0x0000,0x0000,0x0000,0x0000,0x0000,0x0f00,0x0000,0x0000,
    0x0000,0x0000,0x0078,0x0000,0x0000,0x0000,0x0000,0x0000,0x0000,0x0000,0x0000,0x0000,0x0000,0x1e00,0x0000,0x0000,
    0x0000,0x0000,0x003c,0x0000,0x0000,0x0000,0x0000,0x0000,0x0000,0x0000,0x0000,0x0000,0x0000,0x3c00,0x0000,0x0000,
    0x0000,0x0000,0x001e,0x0000,0x0000,0x0000,0x0000,0x0000,0x0000,0x0000,0x0000,0x0000,0x0000,0x7800,0x0000,0x0000,
    0x0000,0x0000,0x000f,0x0000,0x0000,0x0000,0x0000,0x0000,0x0000,0x0000,0x0000,0x0000,0x0000,0xf000,0x0000,0x0000,
    0x0000,0x0000,0x0007,0x8000,0x0000,0x0000,0x0000,0x0000,0x0000,0x0000,0x0000,0x0000,0x0001,0xe000,0x0000,0x0000,
    0x0000,0x0000,0x0003,0xc000,0x0000,0x0000,0x0000,0x0000,0x0000,0x0000,0x0000,0x0000,0x0003,0xc000,0x0000,0x0000,
    0x0000,0x0000,0x0001,0xe000,0x0000,0x0000,0x0000,0x0000,0x0000,0x0000,0x0000,0x0000,0x0007,0x8000,0x0000,0x0000,
    0x0000,0x0000,0x0000,0xf000,0x0000,0x0000,0x0000,0x0000,0x0000,0x0000,0x0000,0x0000,0x000f,0x0000,0x0000,0x0000,
    0x0000,0x0000,0x0000,0x7800,0x0000,0x0000,0x0000,0x0000,0x0000,0x0000,0x0000,0x0000,0x001e,0x0000,0x0000,0x0000,
    0x0000,0x0000,0x0000,0x3c00,0x0000,0x0000,0x0000,0x0000,0x0000,0x0000,0x0000,0x0000,0x003c,0x0000,0x0000,0x0000,
    0x0000,0x0000,0x0000,0x1e00,0x0000,0x0000,0x0000,0x0000,0x0000,0x0000,0x0000,0x0000,0x0078,0x0000,0x0000,0x0000,
    0x0000,0x0000,0x0000,0x0f00,0x0000,0x0000,0x0000,0x0000,0x0000,0x0000,0x0000,0x0000,0x00f0,0x0000,0x0000,0x0000,
    0x0000,0x0000,0x0000,0x0780,0x0000,0x0000,0x0000,0x0000,0x0000,0x0000,0x0000,0x0000,0x01e0,0x0000,0x0000,0x0000,
    0x0000,0x0000,0x0000,0x03c0,0x0000,0x0000,0x0000,0x0000,0x0000,0x0000,0x0000,0x0000,0x03c0,0x0000,0x0000,0x0000,
    0x0000,0x0000,0x0000,0x01e0,0x0000,0x0000,0x0000,0x0000,0x0000,0x0000,0x0000,0x0000,0x0780,0x0000,0x0000,0x0000,
    0x0000,0x0000,0x0000,0x00f0,0x0000,0x0000,0x0000,0x0000,0x0000,0x0000,0x0000,0x0000,0x0f00,0x0000,0x0000,0x0000,
    0x0000,0x0000,0x0000,0x0078,0x0000,0x0000,0x0000,0x0000,0x0000,0x0000,0x0000,0x0000,0x1e00,0x0000,0x0000,0x0000,
    0x0000,0x0000,0x0000,0x003c,0x0000,0x0000,0x0000,0x0000,0x0000,0x0000,0x0000,0x0000,0x3c00,0x0000,0x0000,0x0000,
    0x0000,0x0000,0x0000,0x001e,0x0000,0x0000,0x0000,0x0000,0x0000,0x0000,0x0000,0x0000,0x7800,0x0000,0x0000,0x0000,
    0x0000,0x0000,0x0000,0x000f,0x0000,0x0000,0x0000,0x0000,0x0000,0x0000,0x0000,0x0000,0xf000,0x0000,0x0000,0x0000,
    0x0000,0x0000,0x0000,0x0007,0x8000,0x0000,0x0000,0x0000,0x0000,0x0000,0x0000,0x0001,0xe000,0x0000,0x0000,0x0000,
    0x0000,0x0000,0x0000,0x0003,0xc000,0x0000,0x0000,0x0000,0x0000,0x0000,0x0000,0x0003,0xc000,0x0000,0x0000,0x0000,
    0x0000,0x0000,0x0000,0x0001,0xe000,0x0000,0x0000,0x0000,0x0000,0x0000,0x0000,0x0007,0x8000,0x0000,0x0000,0x0000,
    0x0000,0x0000,0x0000,0x0000,0xf000,0x0000,0x0000,0x0000,0x0000,0x0000,0x0000,0x000f,0x0000,0x0000,0x0000,0x0000,
    0x0000,0x0000,0x0000,0x0000,0x7800,0x0000,0x0000,0x0000,0x0000,0x0000,0x0000,0x001e,0x0000,0x0000,0x0000,0x0000,
    0x0000,0x0000,0x0000,0x0000,0x3c00,0x0000,0x0000,0x0000,0x0000,0x0000,0x0000,0x003c,0x0000,0x0000,0x0000,0x0000,
    0x0000,0x0000,0x0000,0x0000,0x1e00,0x0000,0x0000,0x0000,0x0000,0x0000,0x0000,0x0078,0x0000,0x0000,0x0000,0x0000,
    0x0000,0x0000,0x0000,0x0000,0x0f00,0x0000,0x0000,0x0000,0x0000,0x0000,0x0000,0x00f0,0x0000,0x0000,0x0000,0x0000,
    0x0000,0x0000,0x0000,0x0000,0x0780,0x0000,0x0000,0x0000,0x0000,0x0000,0x0000,0x01e0,0x0000,0x0000,0x0000,0x0000,
    0x0000,0x0000,0x0000,0x0000,0x03c0,0x0000,0x0000,0x0000,0x0000,0x0000,0x0000,0x03c0,0x0000,0x0000,0x0000,0x0000,
    0x0000,0x0000,0x0000,0x0000,0x01e0,0x0000,0x0000,0x0000,0x0000,0x0000,0x0000,0x0380,0x0000,0x0000,0x0000,0x0000,
    0x0000,0x0000,0x0000,0x0000,0x00ff,0xffff,0xe000,0x0000,0x0000,0x0000,0x0000,0x03bf,0xffff,0xffc0,0x0000,0x0000,
    0x0000,0x0000,0x0003,0xffff,0xfc7f,0xffff,0xf000,0x001f,0xf800,0x003f,0xf03f,0xf3bf,0xffff,0xfff0,0x0000,0x0000,
    0x0000,0x0000,0x001f,0xffff,0xfc3f,0xffff,0xf000,0x001f,0xf800,0x003f,0xf03f,0xf3bf,0xffff,0xfffc,0x0000,0x0000,
    0x0000,0x0000,0x007f,0xffff,0xfc1f,0xffff,0xf800,0x001f,0xf800,0x003f,0xf03f,0xf3bf,0xffff,0xfffe,0x0000,0x0000,
    0x0000,0x0000,0x01ff,0xffff,0xfc00,0x0000,0x0000,0x001f,0xf800,0x003f,0xf03f,0xf03f,0xffff,0xffff,0x0000,0x0000,
    0x0000,0x0000,0x03ff,0xffff,0xfc00,0x000f,0xfc00,0x001f,0xf800,0x003f,0xf03f,0xf03f,0xffff,0xffff,0x8000,0x0000,
    0x0000,0x0000,0x07ff,0xffff,0xfc00,0x001f,0xfc00,0x001f,0xf800,0x003f,0xf03f,0xf03f,0xffff,0xffff,0x8000,0x0000,
    0x0000,0x0000,0x0fff,0xffff,0xfc00,0x001f,0xfe00,0x001f,0xf800,0x003f,0xf03f,0xf03f,0xffff,0xffff,0xc000,0x0000,
    0x0000,0x0000,0x1fff,0xffff,0xfc00,0x003f,0xfe00,0x001f,0xf800,0x003f,0xf03f,0xf03f,0xffff,0xffff,0xc000,0x0000,
    0x0000,0x0000,0x3fff,0xffff,0xfc00,0x003f,0xff00,0x001f,0xf800,0x003f,0xf03f,0xf03f,0xf000,0x00ff,0xc000,0x0000,
    0x0000,0x0000,0x7fff,0xffff,0xfc00,0x007f,0xff00,0x001f,0xf800,0x003f,0xf03f,0xf03f,0xf000,0x007f,0xe000,0x0000,
    0x0000,0x0000,0xffff,0x0000,0x0000,0x007f,0xff80,0x001f,0xf800,0x003f,0xf03f,0xf03f,0xf000,0x007f,0xe000,0x0000,
    0x0000,0x0000,0xfff8,0x0000,0x0000,0x00ff,0xff80,0x001f,0xf800,0x003f,0xf03f,0xf03f,0xf000,0x007f,0xe000,0x0000,
    0x0000,0x0001,0xffe0,0x0000,0x0000,0x00ff,0xffc0,0x001f,0xf800,0x003f,0xf03f,0xf03f,0xf000,0x007f,0xe000,0x0000,
    0x0000,0x0001,0xffc0,0x0000,0x0000,0x01ff,0xffc0,0x001f,0xf800,0x003f,0xf03f,0xf03f,0xf000,0x007f,0xe000,0x0000,
    0x0000,0x0001,0xff80,0x0000,0x0000,0x01ff,0xffe0,0x001f,0xf800,0x003f,0xf03f,0xf03f,0xf000,0x007f,0xe000,0x0000,
    0x0000,0x0003,0xff80,0x0000,0x0000,0x03ff,0xffe0,0x001f,0xf800,0x003f,0xf03f,0xf03f,0xf000,0x007f,0xe000,0x0000,
    0x0000,0x0003,0xff00,0x0000,0x0000,0x03ff,0x7ff0,0x001f,0xf800,0x003f,0xf03f,0xf03f,0xf000,0x00ff,0xc000,0x0000,
    0x0000,0x0003,0xff00,0x0000,0x0000,0x07ff,0x7ff0,0x001f,0xffff,0xffff,0xf03f,0xf03f,0xffff,0xffff,0xc000,0x0000,
    0x0000,0x0007,0xfe00,0x0000,0x0000,0x07fe,0x3ff8,0x001f,0xffff,0xffff,0xf03f,0xf03f,0xffff,0xffff,0xc000,0x0000,
    0x0000,0x0007,0xfe00,0x0000,0x0000,0x0ffe,0x3ff8,0x001f,0xffff,0xffff,0xf03f,0xf03f,0xffff,0xffff,0x8000,0x0000,
    0x0000,0x0007,0xfe00,0x0000,0x0000,0x0ffc,0x1ffc,0x001f,0xffff,0xffff,0xf03f,0xf03f,0xffff,0xffff,0x8000,0x0000,
    0x0000,0x0007,0xfe00,0x0000,0x0000,0x1ffc,0x1ffc,0x001f,0xffff,0xffff,0xf03f,0xf03f,0xffff,0xffff,0x0000,0x0000,
    0x0000,0x0007,0xfe00,0x0000,0x0000,0x1ff8,0x0ffe,0x001f,0xffff,0xffff,0xf03f,0xf03f,0xffff,0xfffe,0x0000,0x0000,
    0x0000,0x0007,0xfe00,0x0000,0x0000,0x3ff8,0x0ffe,0x001f,0xffff,0xffff,0xf03f,0xf03f,0xffff,0xfffc,0x0000,0x0000,
    0x0000,0x0007,0xfe00,0x0000,0x0000,0x3ff0,0x07ff,0x001f,0xffff,0xffff,0xf03f,0xf03f,0xffff,0xfff0,0x0000,0x0000,
    0x0000,0x0003,0xff00,0x0000,0x0000,0x7ff0,0x07ff,0x001f,0xffff,0xffff,0xf03f,0xf03f,0xffff,0xffc0,0x0000,0x0000,
    0x0000,0x0003,0xff00,0x0000,0x0000,0x7fe0,0x03ff,0x801f,0xffff,0xffff,0xf03f,0xf03f,0xf000,0x0000,0x0000,0x0000,
    0x0000,0x0003,0xff80,0x0000,0x0000,0xffe0,0x03ff,0x8000,0x0000,0x003f,0xf03f,0xf03f,0xf000,0x0000,0x0000,0x0000,
    0x0000,0x0003,0xff80,0x0000,0x0000,0xffc0,0x01ff,0xc000,0x0000,0x003f,0xf03f,0xf03f,0xf3ff,0xf000,0x0000,0x0000,
    0x0000,0x0001,0xffc0,0x0000,0x0001,0xffc0,0x01ff,0xc01f,0xf800,0x003f,0xf03f,0xf03f,0xf1ff,0xf800,0x0000,0x0000,
    0x0000,0x0001,0xffe0,0x0000,0x0001,0xff80,0x00ff,0xe01f,0xf800,0x003f,0xf03f,0xf03f,0xf0ff,0xfc00,0x0000,0x0000,
    0x0000,0x0000,0xfff0,0x0000,0x0003,0xff80,0x00ff,0xe01f,0xf800,0x003f,0xf03f,0xf03f,0xf07f,0xfe00,0x0000,0x0000,
    0x0000,0x0000,0xfffc,0x0000,0x0003,0xff00,0x007f,0xf01f,0xf800,0x003f,0xf03f,0xf03f,0xf03f,0xff00,0x0000,0x0000,
    0x0000,0x0000,0x7fff,0x8000,0x0007,0xff00,0x007f,0xf01f,0xf800,0x003f,0xf03f,0xf03f,0xf01f,0xff80,0x0000,0x0000,
    0x0000,0x0000,0x7fff,0xffff,0xfc07,0xffff,0xff3f,0xf81f,0xf800,0x003f,0xf03f,0xf03f,0xf00f,0xfffe,0x0000,0x0000,
    0x0000,0x0000,0x3fff,0xffff,0xfc0f,0xffff,0xff3f,0xf81f,0xf800,0x003f,0xf03f,0xf03f,0xf007,0xffff,0x0000,0x0000,
    0x0000,0x0000,0x1fff,0xffff,0xfc0f,0xffff,0xff1f,0xfc1f,0xf800,0x003f,0xf03f,0xf03f,0xf003,0xffff,0x8000,0x0000,
    0x0000,0x0000,0x0fff,0xffff,0xfc1f,0xffff,0xff1f,0xfc1f,0xf800,0x003f,0xf03f,0xf03f,0xf001,0xffff,0xc000,0x0000,
    0x1000,0x0000,0x07ff,0xffff,0xfc1f,0xffff,0xff0f,0xfe1f,0xf800,0x003f,0xf03f,0xf03f,0xf000,0xffff,0xe000,0x0008,
    0x1000,0x0000,0x03ff,0xffff,0xfc3f,0xffff,0xff0f,0xfe1f,0xf800,0x003f,0xf03f,0xf03f,0xf000,0x7fff,0xf000,0x0008,
    0x1000,0x0000,0x00ff,0xffff,0xfc3f,0xffff,0xff07,0xff1f,0xf800,0x003f,0xf03f,0xf03f,0xf000,0x3fff,0xf800,0x0008,
    0xfe00,0x0000,0x003f,0xffff,0xfc7f,0xffff,0xff07,0xff1f,0xf800,0x003f,0xf03f,0xf03f,0xf000,0x1fff,0xfc00,0x007f,
    0x1000,0x0000,0x001f,0xffff,0xfc7f,0xffff,0xff03,0xff9f,0xf800,0x003f,0xf03f,0xf03f,0xf000,0x7fff,0xfe00,0x0008,
    0x1000,0x0000,0x000f,0x7fff,0xfcff,0xffff,0xff03,0xff9f,0xf800,0x003f,0xf03f,0xf03f,0xf000,0xf7ff,0xff00,0x0008,
    0x1000,0x0000,0x0007,0x8000,0x0000,0x0000,0x0000,0x0000,0x0000,0x0000,0x0000,0x0000,0x0001,0xe000,0x0000,0x0008,
    0x0000,0x0000,0x0003,0xc000,0x0000,0x0000,0x0000,0x0000,0x0000,0x0000,0x0000,0x0000,0x0003,0xc000,0x0000,0x0000,
    0x0000,0x0000,0x0001,0xe000,0x0000,0x0000,0x0000,0x0000,0x0000,0x0000,0x0000,0x0000,0x0007,0x8000,0x0000,0x0000,
    0x0000,0x0000,0x0000,0xf000,0x0000,0x0000,0x0000,0x0000,0x0000,0x0000,0x0000,0x0000,0x000f,0x0000,0x0000,0x0000,
    0x0000,0x0000,0x0000,0x7800,0x0000,0x0000,0x0000,0x0000,0x0000,0x0000,0x0000,0x0000,0x001e,0x0000,0x0000,0x0000,
    0x0000,0x0000,0x0000,0x3c00,0x0000,0x0000,0x0000,0x0000,0x0000,0x0000,0x0000,0x0000,0x003c,0x0000,0x0000,0x0000,
    0x0000,0x0000,0x0000,0x1e00,0x0000,0x0000,0x0000,0x0000,0x0000,0x0000,0x0000,0x0000,0x0078,0x0000,0x0000,0x0000,
    0x0000,0x0000,0x0000,0x0f00,0x0000,0x0000,0x0000,0x0000,0x0000,0x0000,0x0000,0x0000,0x00f0,0x0000,0x0000,0x0000,
    0x0000,0x0000,0x0000,0x0780,0x0000,0x0000,0x0000,0x0000,0x0000,0x0000,0x0000,0x0000,0x01e0,0x0000,0x0000,0x0000,
    0x0000,0x0000,0x0000,0x03c0,0x0000,0x0000,0x0000,0x0000,0x0000,0x0000,0x0000,0x0000,0x03c0,0x0000,0x0000,0x0000,
    0x0000,0x0000,0x0000,0x01e0,0x000f,0xfffc,0x0001,0xfff8,0x0001,0xffff,0xff80,0x001f,0xff80,0x0000,0x0000,0x0000,
    0x0000,0x0000,0x0000,0x00f0,0x007f,0xfffc,0x000f,0xffff,0x0001,0xffff,0xfff0,0x001f,0xff00,0x0000,0x0000,0x0000,
    0x0000,0x0000,0x0000,0x0078,0x01ff,0xfffc,0x003f,0xffff,0xc001,0xffff,0xfffc,0x001f,0xfe00,0x0000,0x0000,0x0000,
    0x0000,0x0000,0x0000,0x003c,0x07ff,0xfffc,0x007f,0xffff,0xe001,0xffff,0xfffe,0x001f,0xfc00,0x0000,0x0000,0x0000,
    0x0000,0x0000,0x0000,0x001e,0x0fff,0xfffc,0x01ff,0xffff,0xf801,0xffff,0xffff,0x801f,0xfc00,0x0000,0x0000,0x0000,
    0x0000,0x0000,0x0000,0x000f,0x1fff,0xfffc,0x03ff,0xffff,0xfc01,0xffff,0xffff,0xc01f,0xfc00,0x0000,0x0000,0x0000,
    0x0000,0x0000,0x0000,0x0007,0xbfff,0xfffc,0x07ff,0xffff,0xfe01,0xffff,0xffff,0xe01f,0xfc00,0x0000,0x0000,0x0000,
    0x0000,0x0000,0x0000,0x0003,0xffff,0xfffc,0x0fff,0xffff,0xff01,0xffff,0xffff,0xf01f,0xfc00,0x0000,0x0000,0x0000,
    0x0000,0x0000,0x0000,0x0001,0xffff,0xfffc,0x1fff,0xffff,0xff81,0xffff,0xffff,0xf81f,0xfc00,0x0000,0x0000,0x0000,
    0x0000,0x0000,0x0000,0x0001,0xffff,0xfffc,0x3fff,0xffff,0xffc1,0xffff,0xffff,0xfc1f,0xfc00,0x0000,0x0000,0x0000,
    0x0000,0x0000,0x0000,0x0003,0xfffc,0x0000,0x3fff,0xc03f,0xffc1,0xffc0,0x07ff,0xfc1f,0xfc00,0x0000,0x0000,0x0000,
    0x0000,0x0000,0x0000,0x0003,0xffe0,0x0000,0x7fff,0x000f,0xffe1,0xffc0,0x01ff,0xfe1f,0xfc00,0x0000,0x0000,0x0000,
    0x0000,0x0000,0x0000,0x0007,0xff80,0x0000,0x7ffc,0x0003,0xffe1,0xffc0,0x007f,0xfe1f,0xfc00,0x0000,0x0000,0x0000,
    0x0000,0x0000,0x0000,0x0007,0xff00,0x0000,0xfff8,0x0001,0xfff1,0xffc0,0x003f,0xff1f,0xfc00,0x0000,0x0000,0x0000,
    0x0000,0x0000,0x0000,0x0007,0xfe00,0x0000,0xfff0,0x0000,0xfff1,0xffc0,0x001f,0xff1f,0xfc00,0x0000,0x0000,0x0000,
    0x0000,0x0000,0x0000,0x000f,0xfe00,0x0000,0xffe0,0x0000,0x7ff1,0xffc0,0x000f,0xff1f,0xfc00,0x0000,0x0000,0x0000,
    0x0000,0x0000,0x0000,0x000f,0xfc00,0x0001,0xffe1,0xc038,0x7ff9,0xffc0,0x000f,0xff9f,0xfc00,0x0000,0x0000,0x0000,
    0x0000,0x0000,0x0000,0x000f,0xfc00,0x0001,0xffc1,0xe078,0x3ff9,0xffc0,0x0007,0xff9f,0xfc00,0x0000,0x0000,0x0000,
    0x0000,0x0000,0x0000,0x001f,0xf800,0x0001,0xffc0,0xf0f0,0x3ff9,0xffc0,0x0007,0xff9f,0xfc00,0x0000,0x0000,0x0000,
    0x0000,0x0000,0x0000,0x001f,0xf800,0x0001,0xff80,0x79e0,0x1ff9,0xffc0,0x0003,0xff9f,0xfc00,0x0000,0x0000,0x0000,
    0x0000,0x0000,0x0000,0x001f,0xf800,0x0001,0xff80,0x3fc0,0x1ff9,0xffc0,0x0003,0xff9f,0xfc00,0x0000,0x0000,0x0000,
    0x0000,0x0000,0x0000,0x001f,0xf800,0x0001,0xff80,0x1f80,0x1ff9,0xffc0,0x0003,0xff9f,0xfc00,0x0000,0x0000,0x0000,
    0x0000,0x0000,0x0000,0x001f,0xf800,0x0001,0xff80,0x1f80,0x1ff9,0xffc0,0x0003,0xff9f,0xfc00,0x0000,0x0000,0x0000,
    0x0000,0x0000,0x0000,0x001f,0xf800,0x0001,0xff80,0x3fc0,0x1ff9,0xffc0,0x0003,0xff9f,0xfc00,0x0000,0x0000,0x0000,
    0x0000,0x0000,0x0000,0x001f,0xf800,0x0001,0xff80,0x79e0,0x1ff9,0xffc0,0x0003,0xff9f,0xfc00,0x0000,0x0000,0x0000,
    0x0000,0x0000,0x0000,0x000f,0xfc00,0x0001,0xffc0,0xf0f0,0x3ff9,0xffc0,0x0007,0xff9f,0xfc00,0x0000,0x0000,0x0000,
    0x0000,0x0000,0x0000,0x000f,0xfc00,0x0001,0xffc1,0xe078,0x3ff9,0xffc0,0x0007,0xff9f,0xfc00,0x0000,0x0000,0x0000,
    0x0000,0x0000,0x0000,0x000f,0xfe00,0x0001,0xffe1,0xc038,0x7ff9,0xffc0,0x000f,0xff9f,0xfc00,0x0000,0x0000,0x0000,
    0x0000,0x0000,0x0000,0x000f,0xfe00,0x0000,0xffe0,0x0000,0x7ff1,0xffc0,0x000f,0xff1f,0xfc00,0x0000,0x0000,0x0000,
    0x0000,0x0000,0x0000,0x0007,0xff00,0x0000,0xfff0,0x0000,0xfff1,0xffc0,0x001f,0xff1f,0xfc00,0x0000,0x0000,0x0000,
    0x0000,0x0000,0x0000,0x0007,0xff80,0x0000,0xfff8,0x0001,0xfff1,0xffc0,0x003f,0xff1f,0xfc00,0x0000,0x0000,0x0000,
    0x0000,0x0000,0x0000,0x0003,0xffc0,0x0000,0x7ffc,0x0003,0xffe1,0xffc0,0x007f,0xfe1f,0xfc00,0x0000,0x0000,0x0000,
    0x0000,0x0000,0x0000,0x0003,0xfff0,0x0000,0x7fff,0x000f,0xffe0,0x0000,0x01ff,0xfe1f,0xfc00,0x0000,0x0000,0x0000,
    0x0000,0x0000,0x0000,0x0001,0xfffe,0x0000,0x3fff,0xc03f,0xffc0,0x0000,0x07ff,0xfc1f,0xfc00,0x0000,0x0000,0x0000,
    0x0000,0x0000,0x0000,0x0001,0xffff,0xfffc,0x3fff,0xffff,0xffc1,0xffff,0xffff,0xfc1f,0xfc00,0x0000,0x0000,0x0000,
    0x0000,0x0000,0x0000,0x0000,0xffff,0xfffc,0x1fff,0xffff,0xff81,0xffff,0xffff,0xf81f,0xfc00,0x0000,0x0000,0x0000,
    0x0000,0x0000,0x0000,0x0000,0x7fff,0xfffe,0x0fff,0xffff,0xff01,0xffff,0xffff,0xf01f,0xfc00,0x0000,0x0000,0x0000,
    0x0000,0x0000,0x0000,0x0000,0x3fff,0xffff,0x07ff,0xffff,0xfe01,0xffff,0xffff,0xe01f,0xfc00,0x0000,0x0000,0x0000,
    0x0000,0x0000,0x0000,0x0000,0x1fff,0xffff,0x83ff,0xffff,0xfc01,0xffff,0xffff,0xc01f,0xfc00,0x0000,0x0000,0x0000,
    0x0000,0x0000,0x0000,0x0000,0x0fff,0xffff,0xc1ff,0xffff,0xf801,0xffff,0xffff,0x801f,0xfc00,0x0000,0x0000,0x0000,
    0x0000,0x0000,0x0000,0x0000,0x03ff,0xfffd,0xe07f,0xffff,0xe001,0xffff,0xfffe,0x001f,0xfc00,0x0000,0x0000,0x0000,
    0x0000,0x0000,0x0000,0x0000,0x00ff,0xfffc,0xf03f,0xffff,0xc001,0xffff,0xfffc,0x001f,0xfc00,0x0000,0x0000,0x0000,
    0x0000,0x0000,0x0000,0x0000,0x001f,0xfffc,0x780f,0xffff,0x0001,0xffff,0xfff0,0x001f,0xfc00,0x0000,0x0000,0x0000,
    0x0000,0x0000,0x0000,0x0000,0x0001,0xfffc,0x3c01,0xfff8,0x0001,0xffff,0xff80,0x001f,0xfc00,0x0000,0x0000,0x0000,
    0x0000,0x0000,0x0000,0x0000,0x0000,0x0000,0x1e00,0x0000,0x0000,0x0078,0x0000,0x0000,0x0000,0x0000,0x0000,0x0000,
    0x0000,0x0000,0x0000,0x0000,0x0000,0x0000,0x0f00,0x0000,0x0000,0x00f0,0x0000,0x0000,0x0000,0x0000,0x0000,0x0000,
    0x0000,0x0000,0x0000,0x0000,0x0000,0x0000,0x0780,0x0000,0x0000,0x01e0,0x0000,0x0000,0x0000,0x0000,0x0000,0x0000,
    0x0000,0x0000,0x0000,0x0000,0x0000,0x0000,0x03c0,0x0000,0x0000,0x03c0,0x0000,0x0000,0x0000,0x0000,0x0000,0x0000,
    0x0000,0x0000,0x0000,0x0000,0x0000,0x0000,0x01e0,0x0000,0x0000,0x0780,0x0000,0x0000,0x0000,0x0000,0x0000,0x0000,
    0x0000,0x0000,0x0000,0x0000,0x0000,0x0000,0x00f0,0x0000,0x0000,0x0f00,0x0000,0x0000,0x0000,0x0000,0x0000,0x0000,
    0x0000,0x0000,0x0000,0x0000,0x0000,0x0000,0x0078,0x0000,0x0000,0x1e00,0x0000,0x0000,0x0000,0x0000,0x0000,0x0000,
    0x0000,0x0000,0x0000,0x0000,0x0000,0x0000,0x003c,0x0000,0x0000,0x3c00,0x0000,0x0000,0x0000,0x0000,0x0000,0x0000,
    0x0000,0x0000,0x0000,0x0000,0x0000,0x0000,0x001e,0x0000,0x0000,0x7800,0x0000,0x0000,0x0000,0x0000,0x0000,0x0000,
    0x0000,0x0000,0x0000,0x0000,0x0000,0x0000,0x000f,0x0000,0x0000,0xf000,0x0000,0x0000,0x0000,0x0000,0x0000,0x0000,
    0x0000,0x0000,0x0000,0x0000,0x0000,0x0000,0x0007,0x8000,0x0001,0xe000,0x0000,0x0000,0x0000,0x0000,0x0000,0x0000,
    0x0000,0x0000,0x0000,0x0000,0x0000,0x0000,0x0003,0xc000,0x0003,0xc000,0x0000,0x0000,0x0000,0x0000,0x0000,0x0000,
    0x0000,0x0000,0x0000,0x0000,0x0000,0x0000,0x0001,0xe000,0x0007,0x8000,0x0000,0x0000,0x0000,0x0000,0x0000,0x0000,
    0x0000,0x0000,0x0000,0x0000,0x0000,0x0000,0x0000,0xf000,0x000f,0x0000,0x0000,0x0000,0x0000,0x0000,0x0000,0x0000,
    0x0000,0x0000,0x0000,0x0000,0x0000,0x0000,0x0000,0x7800,0x001e,0x0000,0x0000,0x0000,0x0000,0x0000,0x0000,0x0000,
    0x0000,0x0000,0x0000,0x0000,0x0000,0x0000,0x0000,0x3c00,0x003c,0x0000,0x0000,0x0000,0x0000,0x0000,0x0000,0x0000,
    0x0000,0x0000,0x0000,0x0000,0x0000,0x0000,0x0000,0x1e00,0x0078,0x0000,0x0000,0x0000,0x0000,0x0000,0x0000,0x0000,
    0x0000,0x0000,0x0000,0x0000,0x0000,0x0000,0x0000,0x0f00,0x00f0,0x0000,0x0000,0x0000,0x0000,0x0000,0x0000,0x0000,
    0x0000,0x0000,0x0000,0x0000,0x0000,0x0000,0x0000,0x0780,0x01e0,0x0000,0x0000,0x0000,0x0000,0x0000,0x0000,0x0000,
    0x0000,0x0000,0x0000,0x0000,0x0000,0x0000,0x0000,0x03c0,0x03c0,0x0000,0x0000,0x0000,0x0000,0x0000,0x0000,0x0000,
    0x0000,0x0000,0x0000,0x0000,0x0000,0x0000,0x0000,0x01e0,0x0780,0x0000,0x0000,0x0000,0x0000,0x0000,0x0000,0x0000,
    0x0000,0x0000,0x0000,0x0000,0x0000,0x0000,0x0000,0x00f0,0x0f00,0x0000,0x0000,0x0000,0x0000,0x0000,0x0000,0x0000,
    0x0000,0x0000,0x0000,0x0000,0x0000,0x0000,0x0000,0x0078,0x1e00,0x0000,0x0000,0x0000,0x0000,0x0000,0x0000,0x0000,
    0x0000,0x0000,0x0000,0x0000,0x0000,0x0000,0x0000,0x003c,0x3c00,0x0000,0x0000,0x0000,0x0000,0x0000,0x0000,0x0000,
    0x0000,0x0000,0x0000,0x0000,0x0000,0x0000,0x0000,0x001e,0x7800,0x0000,0x0000,0x0000,0x0000,0x0000,0x0000,0x0000,
    0x0000,0x0000,0x0000,0x0000,0x0000,0x0000,0x0000,0x000f,0xf000,0x0000,0x0000,0x0000,0x0000,0x0000,0x0000,0x0000,
    0x0000,0x0000,0x0000,0x0000,0x0000,0x0000,0x0000,0x0007,0xe000,0x0000,0x0000,0x0000,0x0000,0x0000,0x0000,0x0000,
    0x0000,0x0000,0x0000,0x0000,0x0000,0x0000,0x0000,0x0003,0xc000,0x0000,0x0000,0x0000,0x0000,0x0000,0x0000,0x0000,
    0x0000,0x0000,0x0000,0x0000,0x0000,0x0000,0x0000,0x0001,0x8000,0x0000,0x0000,0x0000,0x0000,0x0000,0x0000,0x0000,
    0x0000,0x0000,0x0000,0x0000,0x0000,0x0000,0x0000,0x0000,0x0000,0x0000,0x0000,0x0000,0x0000,0x0000,0x0000,0x0000,
    0x0000,0x0000,0x0000,0x0000,0x0000,0x0000,0x0001,0xe000,0x0007,0x8000,0x0000,0x0000,0x0000,0x0000,0x0000,0x0000,
    0x0000,0x0000,0x0000,0x0000,0x0000,0x0000,0x0000,0xf000,0x000f,0x0000,0x0000,0x0000,0x0000,0x0000,0x0000,0x0000,
    0x0000,0x0000,0x0000,0x0000,0x0000,0x0000,0x0000,0x7800,0x001e,0x0000,0x0000,0x0000,0x0000,0x0000,0x0000,0x0000,
    0x0000,0x0000,0x0000,0x0000,0x0000,0x0000,0x0000,0x3c00,0x003c,0x0000,0x0000,0x0000,0x0000,0x0000,0x0000,0x0000,
    0x0000,0x0000,0x0000,0x0000,0x0000,0x0000,0x0000,0x1e00,0x0078,0x0000,0x0000,0x0000,0x0000,0x0000,0x0000,0x0000,
    0x0000,0x0000,0x0000,0x0000,0x0000,0x0000,0x0000,0x0f00,0x00f0,0x0000,0x0000,0x0000,0x0000,0x0000,0x0000,0x0000,
    0x0000,0x0000,0x0000,0x0000,0x0000,0x0000,0x0000,0x0780,0x01e0,0x0000,0x0000,0x0000,0x0000,0x0000,0x0000,0x0000,
    0x0000,0x0000,0x0000,0x0000,0x0000,0x0000,0x0000,0x03c0,0x03c0,0x0000,0x0000,0x0000,0x0000,0x0000,0x0000,0x0000,
    0x0000,0x0000,0x0000,0x0000,0x0000,0x0000,0x0000,0x01e0,0x0780,0x0000,0x0000,0x0000,0x0000,0x0000,0x0000,0x0000,
    0x0000,0x0000,0x0000,0x0000,0x0000,0x0000,0x0000,0x00f0,0x0f00,0x0000,0x0000,0x0000,0x0000,0x0000,0x0000,0x0000,
    0x0000,0x0000,0x0000,0x0000,0x0000,0x0000,0x0000,0x0078,0x1e00,0x0000,0x0000,0x0000,0x0000,0x0000,0x0000,0x0000,
    0x0000,0x0000,0x0000,0x0000,0x0000,0x0000,0x0000,0x003c,0x3c00,0x0000,0x0000,0x0000,0x0000,0x0000,0x0000,0x0000,
    0x0000,0x0000,0x0000,0x0000,0x0000,0x0000,0x0000,0x001e,0x7800,0x0000,0x0000,0x0000,0x0000,0x0000,0x0000,0x0000,
    0x0000,0x0000,0x0000,0x0000,0x0000,0x0000,0x0000,0x000f,0xf000,0x0000,0x0000,0x0000,0x0000,0x0000,0x0000,0x0000,
    0x0000,0x0000,0x0000,0x0000,0x0000,0x0000,0x0000,0x0007,0xe000,0x0000,0x0000,0x0000,0x0000,0x0000,0x0000,0x0000,
    0x0000,0x0000,0x0000,0x0000,0x0000,0x0000,0x0000,0x0003,0xc000,0x0000,0x0000,0x0000,0x0000,0x0000,0x0000,0x0000,
    0x0000,0x0000,0x0000,0x0000,0x0000,0x0000,0x0000,0x0001,0x8000,0x0000,0x0000,0x0000,0x0000,0x0000,0x0000,0x0000,
    0x0000,0x0000,0x0000,0x0000,0x0000,0x0000,0x0000,0x0000,0x0000,0x0000,0x0000,0x0000,0x0000,0x0000,0x0000,0x0000,
    0x0000,0x0000,0x0000,0x0000,0x0000,0x0000,0x0000,0x0000,0x0000,0x0000,0x0000,0x0000,0x0000,0x0000,0x0000,0x0000,
    0x0000,0x0000,0x0000,0x0000,0x0000,0x0000,0x0000,0x0000,0x0000,0x0000,0x0000,0x0000,0x0000,0x0000,0x0000,0x0000,
    0x0000,0x0000,0x0000,0x0000,0x0000,0x0000,0x0000,0x0000,0x0000,0x0000,0x0000,0x0000,0x0000,0x0000,0x0000,0x0000,
    0x0000,0x0000,0x0000,0x0000,0x0000,0x0000,0x0000,0x0000,0x0000,0x0000,0x0000,0x0000,0x0000,0x0000,0x0000,0x0000,
    0x0000,0x0000,0x0000,0x0000,0x0000,0x0000,0x0000,0x0000,0x0000,0x0000,0x0000,0x0000,0x0000,0x0000,0x0000,0x0000,
    0x0000,0x0000,0x0000,0x0000,0x0000,0x0000,0x0000,0x03c0,0x03c0,0x0000,0x0000,0x0000,0x0000,0x0000,0x0000,0x0000,
    0x0000,0x0000,0x0000,0x0000,0x0000,0x0000,0x0000,0x01e0,0x0780,0x0000,0x0000,0x0000,0x0000,0x0000,0x0000,0x0000,
    0x0000,0x0000,0x0000,0x0000,0x0000,0x0000,0x0000,0x00f0,0x0f00,0x0000,0x0000,0x0000,0x0000,0x0000,0x0000,0x0000,
    0x0000,0x0000,0x0000,0x0000,0x0000,0x0000,0x0000,0x0078,0x1e00,0x0000,0x0000,0x0000,0x0000,0x0000,0x0000,0x0000,
    0x0000,0x0000,0x0000,0x0000,0x0000,0x0000,0x0000,0x003c,0x3c00,0x0000,0x0000,0x0000,0x0000,0x0000,0x0000,0x0000,
    0x0000,0x0000,0x0000,0x0000,0x0000,0x0000,0x0000,0x001e,0x7800,0x0000,0x0000,0x0000,0x0000,0x0000,0x0000,0x0000,
    0x0000,0x0000,0x0000,0x0000,0x0000,0x0000,0x0000,0x000f,0xf000,0x0000,0x0000,0x0000,0x0000,0x0000,0x0000,0x0000,
    0x0000,0x0000,0x0000,0x0000,0x0000,0x0000,0x0000,0x0007,0xe000,0x0000,0x0000,0x0000,0x0000,0x0000,0x0000,0x0000,
    0x0000,0x0000,0x0000,0x0000,0x0000,0x0000,0x0000,0x0003,0xc000,0x0000,0x0000,0x0000,0x0000,0x0000,0x0000,0x0000,
    0x0000,0x0000,0x0000,0x0000,0x0000,0x0000,0x0000,0x0001,0x8000,0x0000,0x0000,0x0000,0x0000,0x0000,0x0000,0x0000,
    0x0000,0x0000,0x0000,0x0000,0x0000,0x0000,0x0000,0x0000,0x0000,0x0000,0x0000,0x0000,0x0000,0x0000,0x0000,0x0000,
    0x0000,0x0000,0x0000,0x0000,0x0000,0x0000,0x0000,0x0000,0x0000,0x0000,0x0000,0x0000,0x0000,0x0000,0x0000,0x0000,
    0x0000,0x0000,0x0000,0x0000,0x0000,0x0000,0x0000,0x0000,0x0000,0x0000,0x0000,0x0000,0x0000,0x0000,0x0000,0x0000,
    0x0000,0x0000,0x0000,0x0000,0x0000,0x0000,0x0000,0x0000,0x0000,0x0000,0x0000,0x0000,0x0000,0x0000,0x0000,0x0000,
    0x0000,0x0000,0x0000,0x0000,0x0000,0x0000,0x0000,0x0000,0x0000,0x0000,0x0000,0x0000,0x0000,0x0000,0x0000,0x0000,
    0x0000,0x0000,0x0000,0x0000,0x0000,0x0000,0x0000,0x0000,0x8000,0x0000,0x0000,0x0000,0x0000,0x0000,0x0000,0x0000,
    0x0000,0x0000,0x0000,0x0000,0x0000,0x0000,0x0000,0x0000,0x8000,0x0000,0x0000,0x0000,0x0000,0x0000,0x0000,0x0000,
    0x0000,0x0000,0x0000,0x0000,0x0000,0x0000,0x0000,0x0000,0x8000,0x0000,0x0000,0x0000,0x0000,0x0000,0x0000,0x0000,
    0x0000,0x0000,0x0000,0x0000,0x0000,0x0000,0x0000,0x0007,0xf000,0x0000,0x0000,0x0000,0x0000,0x0000,0x0000,0x0000,
    0x0000,0x0000,0x0000,0x0000,0x0000,0x0000,0x0000,0x0000,0x8000,0x0000,0x0000,0x0000,0x0000,0x0000,0x0000,0x0000,
    0x0000,0x0000,0x0000,0x0000,0x0000,0x0000,0x0000,0x0000,0x8000,0x0000,0x0000,0x0000,0x0000,0x0000,0x0000,0x0000,
    0x0000,0x0000,0x0000,0x0000,0x0000,0x0000,0x0000,0x0000,0x8000,0x0000,0x0000,0x0000,0x0000,0x0000,0x0000,0x0000,
    };


#define turmite_credits_1_width 256
#define turmite_credits_1_height 256
#define turmite_credits_1_depth 1
#define turmite_credits_1_bytesPerRow 32
#define turmite_credits_1_bplSize 8192
#define turmite_credits_1_size 8192

const  __data BitmapT turmite_credits_1 = {
	.width = 256,
	.height = 256,
	.depth = 1,
	.bytesPerRow = 32,
	.bplSize = 8192,
	.flags = BM_STATIC,
	.planes = {
		(void *)_turmite_credits_1_bpl + 0,
		
	},
};
